// Jest Snapshot v1, https://goo.gl/fbAQLP

exports[`Web Acl rule default group testing Should match snapshot 1`] = `
Object {
  "Parameters": Object {
    "BootstrapVersion": Object {
      "Default": "/cdk-bootstrap/hnb659fds/version",
      "Description": "Version of the CDK Bootstrap resources in this environment, automatically retrieved from SSM Parameter Store. [cdk:skip]",
      "Type": "AWS::SSM::Parameter::Value<String>",
    },
  },
  "Resources": Object {
    "WafManagedRulesSetWebACL": Object {
      "Properties": Object {
        "DefaultAction": Object {
          "Allow": Object {},
        },
        "Description": "",
        "Rules": Array [
          Object {
            "Name": "aws-managed-rules-common-rule-set",
            "OverrideAction": Object {
              "Count": Object {},
            },
            "Priority": 0,
            "Statement": Object {
              "ManagedRuleGroupStatement": Object {
                "ExcludedRules": Array [],
                "Name": "AWSManagedRulesCommonRuleSet",
                "VendorName": "AWS",
              },
            },
            "VisibilityConfig": Object {
              "CloudWatchMetricsEnabled": true,
              "MetricName": "AWSManagedRulesCommonRuleSet",
              "SampledRequestsEnabled": true,
            },
          },
          Object {
            "Name": "aws-managed-rules-known-bad-inputs-rule-set",
            "OverrideAction": Object {
              "Count": Object {},
            },
            "Priority": 1,
            "Statement": Object {
              "ManagedRuleGroupStatement": Object {
                "ExcludedRules": Array [],
                "Name": "AWSManagedRulesKnownBadInputsRuleSet",
                "VendorName": "AWS",
              },
            },
            "VisibilityConfig": Object {
              "CloudWatchMetricsEnabled": true,
              "MetricName": "AWSManagedRulesKnownBadInputsRuleSet",
              "SampledRequestsEnabled": true,
            },
          },
          Object {
            "Name": "aws-managed-rules-amazon-ip-reputation-rule-set",
            "OverrideAction": Object {
              "Count": Object {},
            },
            "Priority": 2,
            "Statement": Object {
              "ManagedRuleGroupStatement": Object {
                "ExcludedRules": Array [],
                "Name": "AWSManagedRulesAmazonIpReputationList",
                "VendorName": "AWS",
              },
            },
            "VisibilityConfig": Object {
              "CloudWatchMetricsEnabled": true,
              "MetricName": "AWSManagedRulesAmazonIpReputationList",
              "SampledRequestsEnabled": true,
            },
          },
          Object {
            "Name": "aws-managed-rules-anonymous-ip-list",
            "OverrideAction": Object {
              "Count": Object {},
            },
            "Priority": 3,
            "Statement": Object {
              "ManagedRuleGroupStatement": Object {
                "ExcludedRules": Array [],
                "Name": "AWSManagedRulesAnonymousIpList",
                "VendorName": "AWS",
              },
            },
            "VisibilityConfig": Object {
              "CloudWatchMetricsEnabled": true,
              "MetricName": "AWSManagedRulesAnonymousIpList",
              "SampledRequestsEnabled": true,
            },
          },
          Object {
            "Name": "aws-managed-rules-sqli-rule-set",
            "OverrideAction": Object {
              "Count": Object {},
            },
            "Priority": 4,
            "Statement": Object {
              "ManagedRuleGroupStatement": Object {
                "ExcludedRules": Array [],
                "Name": "AWSManagedRulesSQLiRuleSet",
                "VendorName": "AWS",
              },
            },
            "VisibilityConfig": Object {
              "CloudWatchMetricsEnabled": true,
              "MetricName": "AWSManagedRulesSQLiRuleSet",
              "SampledRequestsEnabled": true,
            },
          },
          Object {
            "Name": "aws-managed-rules-linux-rule-set",
            "OverrideAction": Object {
              "Count": Object {},
            },
            "Priority": 5,
            "Statement": Object {
              "ManagedRuleGroupStatement": Object {
                "ExcludedRules": Array [],
                "Name": "AWSManagedRulesLinuxRuleSet",
                "VendorName": "AWS",
              },
            },
            "VisibilityConfig": Object {
              "CloudWatchMetricsEnabled": true,
              "MetricName": "AWSManagedRulesLinuxRuleSet",
              "SampledRequestsEnabled": true,
            },
          },
          Object {
            "Name": "aws-managed-rules-unix-rule-set",
            "OverrideAction": Object {
              "Count": Object {},
            },
            "Priority": 6,
            "Statement": Object {
              "ManagedRuleGroupStatement": Object {
                "ExcludedRules": Array [],
                "Name": "AWSManagedRulesUnixRuleSet",
                "VendorName": "AWS",
              },
            },
            "VisibilityConfig": Object {
              "CloudWatchMetricsEnabled": true,
              "MetricName": "AWSManagedRulesUnixRuleSet",
              "SampledRequestsEnabled": true,
            },
          },
        ],
        "Scope": "CLOUDFRONT",
        "VisibilityConfig": Object {
          "CloudWatchMetricsEnabled": true,
          "MetricName": "WafManagedRulesSetWebACL",
          "SampledRequestsEnabled": true,
        },
      },
      "Type": "AWS::WAFv2::WebACL",
    },
  },
  "Rules": Object {
    "CheckBootstrapVersion": Object {
      "Assertions": Array [
        Object {
          "Assert": Object {
            "Fn::Not": Array [
              Object {
                "Fn::Contains": Array [
                  Array [
                    "1",
                    "2",
                    "3",
                    "4",
                    "5",
                  ],
                  Object {
                    "Ref": "BootstrapVersion",
                  },
                ],
              },
            ],
          },
          "AssertDescription": "CDK bootstrap stack version 6 required. Please run 'cdk bootstrap' with a recent version of the CDK CLI.",
        },
      ],
    },
  },
}
`;
