// Jest Snapshot v1, https://goo.gl/fbAQLP

exports[`Web Acl rule default group testing Should match snapshot 1`] = `
{
  "Parameters": {
    "BootstrapVersion": {
      "Default": "/cdk-bootstrap/hnb659fds/version",
      "Description": "Version of the CDK Bootstrap resources in this environment, automatically retrieved from SSM Parameter Store. [cdk:skip]",
      "Type": "AWS::SSM::Parameter::Value<String>",
    },
  },
  "Resources": {
    "WafManagedRulesSetWebACL": {
      "Properties": {
        "DefaultAction": {
          "Allow": {},
        },
        "Description": "",
        "Rules": [
          {
            "Name": "aws-managed-rules-common-rule-set",
            "OverrideAction": {
              "Count": {},
            },
            "Priority": 0,
            "Statement": {
              "ManagedRuleGroupStatement": {
                "ExcludedRules": [],
                "Name": "AWSManagedRulesCommonRuleSet",
                "VendorName": "AWS",
              },
            },
            "VisibilityConfig": {
              "CloudWatchMetricsEnabled": true,
              "MetricName": "AWSManagedRulesCommonRuleSet",
              "SampledRequestsEnabled": true,
            },
          },
          {
            "Name": "aws-managed-rules-known-bad-inputs-rule-set",
            "OverrideAction": {
              "Count": {},
            },
            "Priority": 1,
            "Statement": {
              "ManagedRuleGroupStatement": {
                "ExcludedRules": [],
                "Name": "AWSManagedRulesKnownBadInputsRuleSet",
                "VendorName": "AWS",
              },
            },
            "VisibilityConfig": {
              "CloudWatchMetricsEnabled": true,
              "MetricName": "AWSManagedRulesKnownBadInputsRuleSet",
              "SampledRequestsEnabled": true,
            },
          },
          {
            "Name": "aws-managed-rules-amazon-ip-reputation-rule-set",
            "OverrideAction": {
              "Count": {},
            },
            "Priority": 2,
            "Statement": {
              "ManagedRuleGroupStatement": {
                "ExcludedRules": [],
                "Name": "AWSManagedRulesAmazonIpReputationList",
                "VendorName": "AWS",
              },
            },
            "VisibilityConfig": {
              "CloudWatchMetricsEnabled": true,
              "MetricName": "AWSManagedRulesAmazonIpReputationList",
              "SampledRequestsEnabled": true,
            },
          },
          {
            "Name": "aws-managed-rules-anonymous-ip-list",
            "OverrideAction": {
              "Count": {},
            },
            "Priority": 3,
            "Statement": {
              "ManagedRuleGroupStatement": {
                "ExcludedRules": [],
                "Name": "AWSManagedRulesAnonymousIpList",
                "VendorName": "AWS",
              },
            },
            "VisibilityConfig": {
              "CloudWatchMetricsEnabled": true,
              "MetricName": "AWSManagedRulesAnonymousIpList",
              "SampledRequestsEnabled": true,
            },
          },
          {
            "Name": "aws-managed-rules-sqli-rule-set",
            "OverrideAction": {
              "Count": {},
            },
            "Priority": 4,
            "Statement": {
              "ManagedRuleGroupStatement": {
                "ExcludedRules": [],
                "Name": "AWSManagedRulesSQLiRuleSet",
                "VendorName": "AWS",
              },
            },
            "VisibilityConfig": {
              "CloudWatchMetricsEnabled": true,
              "MetricName": "AWSManagedRulesSQLiRuleSet",
              "SampledRequestsEnabled": true,
            },
          },
          {
            "Name": "aws-managed-rules-linux-rule-set",
            "OverrideAction": {
              "Count": {},
            },
            "Priority": 5,
            "Statement": {
              "ManagedRuleGroupStatement": {
                "ExcludedRules": [],
                "Name": "AWSManagedRulesLinuxRuleSet",
                "VendorName": "AWS",
              },
            },
            "VisibilityConfig": {
              "CloudWatchMetricsEnabled": true,
              "MetricName": "AWSManagedRulesLinuxRuleSet",
              "SampledRequestsEnabled": true,
            },
          },
          {
            "Name": "aws-managed-rules-unix-rule-set",
            "OverrideAction": {
              "Count": {},
            },
            "Priority": 6,
            "Statement": {
              "ManagedRuleGroupStatement": {
                "ExcludedRules": [],
                "Name": "AWSManagedRulesUnixRuleSet",
                "VendorName": "AWS",
              },
            },
            "VisibilityConfig": {
              "CloudWatchMetricsEnabled": true,
              "MetricName": "AWSManagedRulesUnixRuleSet",
              "SampledRequestsEnabled": true,
            },
          },
        ],
        "Scope": "CLOUDFRONT",
        "VisibilityConfig": {
          "CloudWatchMetricsEnabled": true,
          "MetricName": "WafManagedRulesSetWebACL",
          "SampledRequestsEnabled": true,
        },
      },
      "Type": "AWS::WAFv2::WebACL",
    },
  },
  "Rules": {
    "CheckBootstrapVersion": {
      "Assertions": [
        {
          "Assert": {
            "Fn::Not": [
              {
                "Fn::Contains": [
                  [
                    "1",
                    "2",
                    "3",
                    "4",
                    "5",
                  ],
                  {
                    "Ref": "BootstrapVersion",
                  },
                ],
              },
            ],
          },
          "AssertDescription": "CDK bootstrap stack version 6 required. Please run 'cdk bootstrap' with a recent version of the CDK CLI.",
        },
      ],
    },
  },
}
`;
